// Jest Snapshot v1, https://goo.gl/fbAQLP

exports[`Header component expects component to never be changed 1`] = `
<h1
  className="header-container"
>
  CURRENCY TRANSACTIONS
</h1>
`;
